// Jest Snapshot v1, https://goo.gl/fbAQLP

exports[`extracts reason and submits replyrequest 1`] = `
Object {
  "data": Object {
    "selectedArticleId": "selected-article-id",
  },
  "event": Object {
    "input": "💁 My reason is:
Reason goes here",
  },
  "isSkipUser": undefined,
  "issuedAt": undefined,
  "replies": Array [
    Object {
      "text": "已經將您的需求記錄下來了，共有 1 人跟您一樣渴望看到針對這篇訊息的回應。若有最新回應，會寫在這個地方：https://cofacts.hacktabl.org/article/selected-article-id",
      "type": "text",
    },
    Object {
      "altText": "Your friends may know the answer 🌟 Share your question to friends, maybe someone can help!",
      "contents": Object {
        "body": Object {
          "contents": Array [
            Object {
              "text": "Your friends may know the answer 🌟 Share your question to friends, maybe someone can help!",
              "type": "text",
              "wrap": true,
            },
          ],
          "layout": "vertical",
          "type": "box",
        },
        "footer": Object {
          "contents": Array [
            Object {
              "action": Object {
                "label": "Share on LINE",
                "type": "uri",
                "uri": "line://msg/text/?Please%20help%20me%20verify%20if%20this%20is%20true%3A%20https%3A%2F%2Fcofacts.hacktabl.org%2Farticle%2Fselected-article-id",
              },
              "color": "#ffb600",
              "style": "primary",
              "type": "button",
            },
            Object {
              "action": Object {
                "label": "Share on Facebook",
                "type": "uri",
                "uri": "https://www.facebook.com/dialog/share?openExternalBrowser=1&app_id=719656818195367&display=popup&hashtag=%23ReportedToCofacts&href=https%3A%2F%2Fcofacts.hacktabl.org%2Farticle%2Fselected-article-id",
              },
              "color": "#ffb600",
              "style": "primary",
              "type": "button",
            },
          ],
          "layout": "vertical",
          "spacing": "sm",
          "type": "box",
        },
        "type": "bubble",
      },
      "type": "flex",
    },
  ],
  "state": "__INIT__",
  "userId": undefined,
}
`;

exports[`handles the case when prefix does not match 1`] = `
Object {
  "data": Object {
    "selectedArticleId": "selected-article-id",
  },
  "event": Object {
    "input": "FOO",
  },
  "isSkipUser": undefined,
  "issuedAt": undefined,
  "replies": Array [
    Object {
      "text": "請點擊上面的「我也想知道」，或放棄這則，改轉傳其他訊息。",
      "type": "text",
    },
  ],
  "state": "ASKING_REPLY_REQUEST_REASON",
  "userId": undefined,
}
`;
